✔ Blowfish 4 byte key agrees with OpenSSL (3.1349ms)
✔ Blowfish 5 byte key agrees with OpenSSL (0.9514ms)
✔ Blowfish 7 byte key agrees with OpenSSL (0.4576ms)
✔ Blowfish 8 byte key agrees with OpenSSL (0.4868ms)
✔ Blowfish 16 byte key agrees with OpenSSL (0.4548ms)
✔ Blowfish 17 byte key agrees with OpenSSL (0.4304ms)
✔ Blowfish 31 byte key agrees with OpenSSL (0.4013ms)
✔ Blowfish 56 byte key agrees with OpenSSL (0.4152ms)
✔ byte preserving utf8 (0.2078ms)
✔ byte preserving hex (0.1357ms)
✔ byte preserving base64 (0.2225ms)
✔ byte preserving base64url (0.4162ms)
✔ byte preserving base32 (0.0559ms)
✔ byte preserving base58 (0.1241ms)
✔ byte preserving base91 (0.1054ms)
✔ byte preserving ascii85 (0.1628ms)
✔ byte preserving binary (0.0927ms)
✔ byte preserving decimal (0.0916ms)
✔ byte preserving octal (0.0902ms)
✔ byte preserving url (0.0519ms)
✔ byte preserving unicode (0.1554ms)
✔ byte preserving escape (0.1132ms)
✔ byte preserving html (0.1039ms)
✔ byte preserving quoted (0.0926ms)
✔ Base58 leading zeros and known Bitcoin alphabet (0.0868ms)
✔ Base91 published Hello World vector (0.0572ms)
✔ Ascii85 known vector and zero blocks (0.1565ms)
✔ strict Base64 rejects noncanonical padding (0.1091ms)
✔ Unicode codepoints, Escape and quoted printable soft lines (0.0997ms)
✔ classical round trip caesar{"shift":7} (0.1618ms)
✔ classical round trip affine{"a":5,"b":8} (0.0885ms)
✔ classical round trip vigenere{"key":"LEMON"} (0.1927ms)
✔ classical round trip beaufort{"key":"LEMON"} (0.0333ms)
✔ classical round trip autokey{"key":"LEMON"} (0.0327ms)
✔ classical round trip substitution{"key":"QWERTYUIOPASDFGHJKLZXCVBNM"} (0.1137ms)
✔ classical round trip rail{"rails":3} (0.1665ms)
✔ classical round trip column{"key":"BALLOON"} (0.1596ms)
✔ classical round trip periodic{"permutation":[3,1,2]} (0.078ms)
✔ classical round trip hill{"matrix":[[3,3],[2,5]]} (0.2016ms)
✔ classical round trip hill{"matrix":[[6,24,1],[13,16,10],[20,17,15]]} (0.0729ms)
✔ classical round trip bacon{"variant":26} (0.1485ms)
✔ classical round trip polybius{"key":""} (0.1107ms)
✔ classical round trip values{} (0.1513ms)
✔ published classical known vectors (0.1651ms)
✔ noninvertible keys and malformed encodings fail explicitly (0.1615ms)
✔ hash matches independent Node crypto md5 (0.9264ms)
✔ hash matches independent Node crypto sha1 (0.6033ms)
✔ hash matches independent Node crypto sha224 (0.6459ms)
✔ hash matches independent Node crypto sha256 (0.4143ms)
✔ hash matches independent Node crypto sha384 (1.3058ms)
✔ hash matches independent Node crypto sha512 (0.7047ms)
✔ hash matches independent Node crypto sha512_224 (0.7817ms)
✔ hash matches independent Node crypto sha512_256 (0.6398ms)
✔ hash matches independent Node crypto sha3_224 (1.6654ms)
✔ hash matches independent Node crypto sha3_256 (0.3318ms)
✔ hash matches independent Node crypto sha3_384 (0.3211ms)
✔ hash matches independent Node crypto sha3_512 (0.6914ms)
✔ hash matches independent Node crypto blake2b (1.2764ms)
✔ hash matches independent Node crypto blake2s (0.6568ms)
✔ hash matches independent Node crypto ripemd160 (0.7568ms)
✔ RFC 1320 MD4 known vectors (0.3189ms)
✔ SHA3 is distinguished from Keccak (0.07ms)
✔ HMAC and PBKDF2 match native crypto (2.324ms)
✔ AES ECB matches Node and decrypts unaligned data correctly (0.6687ms)
✔ AES CBC matches Node and decrypts unaligned data correctly (0.335ms)
✔ AES CFB matches Node and decrypts unaligned data correctly (0.225ms)
✔ AES OFB matches Node and decrypts unaligned data correctly (0.1994ms)
✔ AES CTR matches Node and decrypts unaligned data correctly (0.1955ms)
✔ AES GCM checks authentication and matches native crypto (1.2298ms)
✔ DES, IDEA, Blowfish and Twofish standard vectors (2.6773ms)
✔ 3DES independent Node comparison (1.1474ms)
✔ strict padding and key sizes reject bad inputs (0.2208ms)
✔ RC4 and A5/1 known vectors (0.5815ms)
✔ ChaCha20 RFC 8439 block vector and Salsa20 known zero vector (0.4085ms)
✔ ChaCha20-Poly1305 verifies tags (0.5932ms)
✔ length extension checks against actual secret md5 (0.532ms)
✔ length extension checks against actual secret sha1 (0.2933ms)
✔ length extension checks against actual secret sha256 (0.213ms)
✔ RSA known p/d, shared prime, small e, common modulus and broadcast (0.8002ms)
✔ Wiener recovers deliberately small d and rejects wrong secret (0.1391ms)
✔ CRT handles noncoprime consistent systems and rejects conflicts (0.0601ms)
✔ ECC group, BSGS, Pohlig-Hellman and Smart validate recovered scalars (0.7693ms)
✔ LLL Coppersmith recovers a factor and verifies multiplication (138.0367ms)
✔ DH, ElGamal, nonce reuse, Shamir and LCG arithmetic (0.4187ms)
✔ Ed25519 RFC 8032 known vector (25.3915ms)
✔ RSA OAEP and PKCS1 signature match independently generated native keys (8.6545ms)
✔ S-box DDT sums and AES CPA reveal a synthetic known key (27.4497ms)
✔ dictionary comparison and truncated birthday collision (0.6884ms)
✔ JS extractor reads literals without executing source (0.3609ms)
✔ heuristic recovers nested base64 (274.039ms)
✔ heuristic recovers base64 Caesar (251.672ms)
✔ heuristic recovers base64 binary XOR (222.5799ms)
✔ heuristic recovers URL base64 (256.9486ms)
✔ heuristic recovers Base91 (243.8581ms)
✔ heuristic recovers Bacon (503.1645ms)
✔ heuristic handles gzip bytes after Base64 and obeys limits (377.5441ms)
✔ offline artifact initializes UI, switches workspaces and keeps all scripts inline (156.6733ms)
✔ actual worker decodes layered input, renders paths, exports exact bytes and report (267.9352ms)
✔ manual RSA handles BigInt data, OAEP fixture and errors visibly (210.8859ms)
✔ candidate text never becomes HTML or executable JS (104.4946ms)
✔ cancel and changing input terminate workers and discard stale results (146.9355ms)
✔ recovered bytes are sent through the original file analysis queue (156.8347ms)
✔ manual empty-string hashing is allowed and correct (107.6806ms)
✔ file importer preserves JSON text and ignores an outdated asynchronous read (139.2314ms)
✔ manual classical chaining uses plaintext rather than hex characters (140.5087ms)
✔ manual JSON options reject null before constructing a worker (57.0298ms)
✔ oversized auto files are rejected before reading their content (68.0567ms)
✔ RIPEMD-128 official empty/abc/million-byte vectors (28.7019ms)
✔ RIPEMD-256 official empty/abc/million-byte vectors (29.9201ms)
✔ RIPEMD-320 official empty/abc/million-byte vectors (39.8803ms)
✔ Tudou original format matches independent native AES, including full padding block (2.6817ms)
✔ visible tool example executes: convert (0.5338ms)
✔ visible tool example executes: encode (0.0847ms)
✔ visible tool example executes: buddha (0.1818ms)
✔ visible tool example executes: jwt (0.3955ms)
✔ visible tool example executes: js (0.4063ms)
✔ visible tool example executes: caesar (0.2509ms)
✔ visible tool example executes: rot5 (0.0893ms)
✔ visible tool example executes: rot13 (0.0477ms)
✔ visible tool example executes: rot18 (0.0462ms)
✔ visible tool example executes: rot47 (0.0677ms)
✔ visible tool example executes: atbash (0.1036ms)
✔ visible tool example executes: reverse (0.0325ms)
✔ visible tool example executes: affine (0.0973ms)
✔ visible tool example executes: vigenere (0.1875ms)
✔ visible tool example executes: beaufort (0.0631ms)
✔ visible tool example executes: autokey (0.0619ms)
✔ visible tool example executes: substitution (0.0503ms)
✔ visible tool example executes: rail (0.1319ms)
✔ visible tool example executes: column (0.1478ms)
✔ visible tool example executes: periodic (0.0983ms)
✔ visible tool example executes: hill (0.196ms)
✔ visible tool example executes: playfair (0.1273ms)
✔ visible tool example executes: bacon (0.1338ms)
✔ visible tool example executes: a1z26 (0.1249ms)
✔ visible tool example executes: polybius (0.131ms)
✔ visible tool example executes: values (0.1226ms)
✔ visible tool example executes: statistics (0.4577ms)
✔ visible tool example executes: xor (0.1167ms)
✔ visible tool example executes: add (0.0504ms)
✔ visible tool example executes: cipher-AES (0.1304ms)
✔ visible tool example executes: cipher-DES (0.37ms)
✔ visible tool example executes: cipher-3DES (0.5349ms)
✔ visible tool example executes: cipher-IDEA (0.4722ms)
✔ visible tool example executes: cipher-Blowfish (0.7925ms)
✔ visible tool example executes: cipher-Twofish (0.4772ms)
✔ visible tool example executes: cipher-RC4 (0.1862ms)
✔ visible tool example executes: cipher-Salsa20 (0.2309ms)
✔ visible tool example executes: cipher-ChaCha20 (0.1484ms)
✔ visible tool example executes: cipher-ChaCha20-Poly1305 (0.4725ms)
✔ visible tool example executes: a51 (0.435ms)
✔ visible tool example executes: hash (0.387ms)
✔ visible tool example executes: hmac (0.2326ms)
✔ visible tool example executes: pbkdf2 (28.5259ms)
✔ visible tool example executes: dictionary (0.4266ms)
✔ visible tool example executes: length-extension (0.1762ms)
✔ visible tool example executes: rsa-auto (0.5566ms)
✔ visible tool example executes: rsa-small-e (0.0746ms)
✔ visible tool example executes: rsa-wiener (0.0915ms)
✔ visible tool example executes: rsa-shared (0.1078ms)
✔ visible tool example executes: rsa-common (0.0748ms)
✔ visible tool example executes: rsa-broadcast (0.1389ms)
✔ visible tool example executes: coppersmith (130.7926ms)
✔ visible tool example executes: rsa-padding (2.2253ms)
✔ visible tool example executes: ecc-dlog (0.4612ms)
✔ visible tool example executes: ecc-pohlig (0.1848ms)
✔ visible tool example executes: ecc-smart (0.2591ms)
✔ visible tool example executes: ecc-multiply (0.0531ms)
✔ visible tool example executes: ecc-add (0.0394ms)
✔ visible tool example executes: ecc-verify (0.0589ms)
✔ visible tool example executes: signature (23.485ms)
✔ visible tool example executes: protocol-nonce-reuse (0.2918ms)
✔ visible tool example executes: protocol-dsa-verify (0.0542ms)
✔ visible tool example executes: protocol-dh (0.0324ms)
✔ visible tool example executes: protocol-elgamal (0.0638ms)
✔ visible tool example executes: protocol-lcg (0.125ms)
✔ visible tool example executes: protocol-shamir (0.0798ms)
✔ visible tool example executes: math-gcd (0.0835ms)
✔ visible tool example executes: math-inverse (0.0466ms)
✔ visible tool example executes: math-power (0.0253ms)
✔ visible tool example executes: math-crt (0.058ms)
✔ visible tool example executes: math-root (0.0329ms)
✔ visible tool example executes: math-factor (0.0407ms)
✔ visible tool example executes: math-prime (0.0311ms)
✔ visible tool example executes: math-dlog (0.0972ms)
✔ visible tool example executes: lll (0.1615ms)
✔ visible tool example executes: sbox (0.4549ms)
✔ visible tool example executes: cpa (7.1324ms)
✔ visible tool example executes: birthday (0.5914ms)
✔ automatic unknown malformed JSON still searches transformations (4.2988ms)
✔ automatic RSA failure is explicit, never a fabricated plaintext (0.3704ms)
✔ JWT HMAC verifies correct key, rejects none and mismatched signatures (0.7588ms)
✔ automatic UI example recovers layered (153.3094ms)
✔ automatic UI example recovers caesar (154.324ms)
✔ automatic UI example recovers xor (141.2921ms)
✔ automatic Buddha decoder preserves the full decoding path (1.2392ms)
✔ malformed parameters return worker errors without executing input (0.1445ms)
ℹ tests 197
ℹ suites 0
ℹ pass 197
ℹ fail 0
ℹ cancelled 0
ℹ skipped 0
ℹ todo 0
ℹ duration_ms 2468.6861
